Archive member included to satisfy reference by file (symbol)

/Users/karacasoft/Documents/MCUXpressoIDE_10.1.0/workspace/lpc_chip_40xx/Debug/liblpc_chip_40xx.a(chip_17xx_40xx.o)
                              ./src/test.o (SystemCoreClockUpdate)
/Users/karacasoft/Documents/MCUXpressoIDE_10.1.0/workspace/lpc_chip_40xx/Debug/liblpc_chip_40xx.a(clock_17xx_40xx.o)
                              /Users/karacasoft/Documents/MCUXpressoIDE_10.1.0/workspace/lpc_chip_40xx/Debug/liblpc_chip_40xx.a(chip_17xx_40xx.o) (Chip_Clock_SetupPLL)
/Users/karacasoft/Documents/MCUXpressoIDE_10.1.0/workspace/lpc_chip_40xx/Debug/liblpc_chip_40xx.a(fpu_init.o)
                              ./src/sysinit.o (fpuInit)
/Users/karacasoft/Documents/MCUXpressoIDE_10.1.0/workspace/lpc_chip_40xx/Debug/liblpc_chip_40xx.a(sysinit_17xx_40xx.o)
                              ./src/sysinit.o (Chip_SystemInit)
/Applications/MCUXpressoIDE_10.1.0_589/ide/tools/bin/../lib/gcc/arm-none-eabi/6.3.1/../../../../arm-none-eabi/lib/thumb/v7e-m/fpv4-sp/softfp/libcr_c.a(__weak__main.o)
                              ./src/cr_startup_lpc407x_8x.o (__main)

Allocating common symbols
Common symbol       size              file

SystemCoreClock     0x4               /Users/karacasoft/Documents/MCUXpressoIDE_10.1.0/workspace/lpc_chip_40xx/Debug/liblpc_chip_40xx.a(chip_17xx_40xx.o)

Discarded input sections

 .group         0x0000000000000000        0x8 ./src/peripherals/peripherals.o
 .group         0x0000000000000000        0x8 ./src/peripherals/peripherals.o
 .group         0x0000000000000000        0x8 ./src/peripherals/peripherals.o
 .group         0x0000000000000000        0x8 ./src/peripherals/peripherals.o
 .group         0x0000000000000000        0x8 ./src/peripherals/peripherals.o
 .text          0x0000000000000000        0x0 ./src/peripherals/peripherals.o
 .data          0x0000000000000000        0x0 ./src/peripherals/peripherals.o
 .bss           0x0000000000000000        0x0 ./src/peripherals/peripherals.o
 .text.is_peripheral_active
                0x0000000000000000       0x28 ./src/peripherals/peripherals.o
 .group         0x0000000000000000        0x8 ./src/gpio/gpio.o
 .group         0x0000000000000000        0x8 ./src/gpio/gpio.o
 .group         0x0000000000000000        0x8 ./src/gpio/gpio.o
 .group         0x0000000000000000        0x8 ./src/gpio/gpio.o
 .group         0x0000000000000000        0x8 ./src/gpio/gpio.o
 .text          0x0000000000000000        0x0 ./src/gpio/gpio.o
 .data          0x0000000000000000        0x0 ./src/gpio/gpio.o
 .bss           0x0000000000000000        0x0 ./src/gpio/gpio.o
 .data.ports    0x0000000000000000       0x18 ./src/gpio/gpio.o
 .debug_info    0x0000000000000000      0x14e ./src/gpio/gpio.o
 .debug_abbrev  0x0000000000000000       0xbe ./src/gpio/gpio.o
 .debug_aranges
                0x0000000000000000       0x18 ./src/gpio/gpio.o
 .debug_macro   0x0000000000000000       0x4b ./src/gpio/gpio.o
 .debug_macro   0x0000000000000000      0x8ce ./src/gpio/gpio.o
 .debug_macro   0x0000000000000000       0x10 ./src/gpio/gpio.o
 .debug_macro   0x0000000000000000      0x12d ./src/gpio/gpio.o
 .debug_macro   0x0000000000000000      0x5b2 ./src/gpio/gpio.o
 .debug_macro   0x0000000000000000       0x6a ./src/gpio/gpio.o
 .debug_line    0x0000000000000000      0x103 ./src/gpio/gpio.o
 .debug_str     0x0000000000000000     0x3eb6 ./src/gpio/gpio.o
 .comment       0x0000000000000000       0x80 ./src/gpio/gpio.o
 .ARM.attributes
                0x0000000000000000       0x37 ./src/gpio/gpio.o
 .group         0x0000000000000000        0x8 ./src/dev/adc.o
 .group         0x0000000000000000        0x8 ./src/dev/adc.o
 .group         0x0000000000000000        0x8 ./src/dev/adc.o
 .group         0x0000000000000000        0x8 ./src/dev/adc.o
 .group         0x0000000000000000        0x8 ./src/dev/adc.o
 .group         0x0000000000000000        0x8 ./src/dev/adc.o
 .group         0x0000000000000000        0x8 ./src/dev/adc.o
 .group         0x0000000000000000        0x8 ./src/dev/adc.o
 .group         0x0000000000000000        0x8 ./src/dev/adc.o
 .group         0x0000000000000000        0x8 ./src/dev/adc.o
 .group         0x0000000000000000        0x8 ./src/dev/adc.o
 .group         0x0000000000000000        0x8 ./src/dev/adc.o
 .group         0x0000000000000000        0x8 ./src/dev/adc.o
 .group         0x0000000000000000        0x8 ./src/dev/adc.o
 .group         0x0000000000000000        0x8 ./src/dev/adc.o
 .group         0x0000000000000000        0x8 ./src/dev/adc.o
 .group         0x0000000000000000        0x8 ./src/dev/adc.o
 .group         0x0000000000000000        0x8 ./src/dev/adc.o
 .group         0x0000000000000000        0x8 ./src/dev/adc.o
 .group         0x0000000000000000        0x8 ./src/dev/adc.o
 .group         0x0000000000000000        0x8 ./src/dev/adc.o
 .group         0x0000000000000000        0x8 ./src/dev/adc.o
 .group         0x0000000000000000        0x8 ./src/dev/adc.o
[...]
Memory Configuration

Name             Origin             Length             Attributes
MFlash512        0x0000000000000000 0x0000000000080000 xr
RamLoc64         0x0000000010000000 0x0000000000010000 xrw
RamPeriph32      0x0000000020000000 0x0000000000008000 xrw
*default*        0x0000000000000000 0xffffffffffffffff

Linker script and memory map

LOAD ./src/peripherals/peripherals.o
LOAD ./src/gpio/gpio.o
LOAD ./src/dev/adc.o
LOAD ./src/dev/car_leds.o
LOAD ./src/dev/device.o
LOAD ./src/dev/iocon.o
LOAD ./src/dev/joystick.o
LOAD ./src/dev/l298n.o
LOAD ./src/dev/ldr.o
LOAD ./src/dev/pwm0.o
LOAD ./src/dev/rgb_led.o
LOAD ./src/dev/timer.o
LOAD ./src/dev/trimpot.o
LOAD ./src/Ultrasonic.o
LOAD ./src/car.o
LOAD ./src/cr_startup_lpc407x_8x.o
LOAD ./src/crp.o
LOAD ./src/sysinit.o
LOAD ./src/test.o
LOAD ./src/ultrasonictimer.o
LOAD /Users/karacasoft/Documents/MCUXpressoIDE_10.1.0/workspace/lpc_chip_40xx/Debug/liblpc_chip_40xx.a
START GROUP
LOAD /Applications/MCUXpressoIDE_10.1.0_589/ide/tools/bin/../lib/gcc/arm-none-eabi/6.3.1/../../../../arm-none-eabi/lib/thumb/v7e-m/fpv4-sp/softfp/libcr_c.a
LOAD /Applications/MCUXpressoIDE_10.1.0_589/ide/tools/bin/../lib/gcc/arm-none-eabi/6.3.1/thumb/v7e-m/fpv4-sp/softfp/libcr_eabihelpers.a
END GROUP
                0x0000000000000000                __base_MFlash512 = 0x0
                0x0000000000000000                __base_Flash = 0x0
                0x0000000000080000                __top_MFlash512 = 0x80000
                0x0000000000080000                __top_Flash = 0x80000
                0x0000000010000000                __base_RamLoc64 = 0x10000000
                0x0000000010000000                __base_RAM = 0x10000000
                0x0000000010010000                __top_RamLoc64 = 0x10010000
                0x0000000010010000                __top_RAM = 0x10010000
                0x0000000020000000                __base_RamPeriph32 = 0x20000000
                0x0000000020000000                __base_RAM2 = 0x20000000
                0x0000000020008000                __top_RamPeriph32 = 0x20008000
                0x0000000020008000                __top_RAM2 = 0x20008000

.text           0x0000000000000000     0x18d8
 FILL mask 0xff
                0x0000000000000000                __vectors_start__ = ABSOLUTE (.)
 *(.isr_vector)
 .isr_vector    0x0000000000000000       0xe4 ./src/cr_startup_lpc407x_8x.o
                0x0000000000000000                g_pfnVectors
                0x00000000000000e4                . = ALIGN (0x4)
                0x00000000000000e4                __section_table_start = .
                0x00000000000000e4                __data_section_table = .
                0x00000000000000e4        0x4 LONG 0x18d8 LOADADDR (.data)
                0x00000000000000e8        0x4 LONG 0x10000000 ADDR (.data)
                0x00000000000000ec        0x4 LONG 0x70 SIZEOF (.data)
                0x00000000000000f0        0x4 LONG 0x18d8 LOADADDR (.data_RAM2)
                0x00000000000000f4        0x4 LONG 0x20000000 ADDR (.data_RAM2)
                0x00000000000000f8        0x4 LONG 0x0 SIZEOF (.data_RAM2)
                0x00000000000000fc                __data_section_table_end = .
                0x00000000000000fc                __bss_section_table = .
                0x00000000000000fc        0x4 LONG 0x10000070 ADDR (.bss)
                0x0000000000000100        0x4 LONG 0x2b4 SIZEOF (.bss)
                0x0000000000000104        0x4 LONG 0x20000000 ADDR (.bss_RAM2)
                0x0000000000000108        0x4 LONG 0x0 SIZEOF (.bss_RAM2)
                0x000000000000010c                __bss_section_table_end = .
                0x000000000000010c                __section_table_end = .
 *(.after_vectors*)
 .after_vectors
                0x000000000000010c      0x154 ./src/cr_startup_lpc407x_8x.o
                0x000000000000010c                data_init
                0x0000000000000150                bss_init
                0x0000000000000188                ResetISR
                0x0000000000000220                NMI_Handler
                0x0000000000000226                HardFault_Handler
                0x000000000000022c                MemManage_Handler
                0x0000000000000232                BusFault_Handler
                0x0000000000000238                UsageFault_Handler
                0x000000000000023e                SVC_Handler
                0x0000000000000244                DebugMon_Handler
                0x000000000000024a                PendSV_Handler
                0x0000000000000250                SysTick_Handler
                0x0000000000000256                IntDefaultHandler
                0x0000000000000256                PLL0_IRQHandler
                0x0000000000000256                CAN_IRQHandler
                0x0000000000000256                PLL1_IRQHandler
                0x0000000000000256                SSP0_IRQHandler
                0x0000000000000256                I2S_IRQHandler
                0x0000000000000256                I2C2_IRQHandler
                0x0000000000000256                RTC_IRQHandler
                0x0000000000000256                TIMER0_IRQHandler
                0x0000000000000256                SPI_IRQHandler
                0x0000000000000256                LCD_IRQHandler
                0x0000000000000256                EINT1_IRQHandler
                0x0000000000000256                UART2_IRQHandler
                0x0000000000000256                UART4_IRQHandler
                0x0000000000000256                SSP1_IRQHandler
                0x0000000000000256                USB_IRQHandler
                0x0000000000000256                BOD_IRQHandler
                0x0000000000000256                WDT_IRQHandler
                0x0000000000000256                QEI_IRQHandler
                0x0000000000000256                EINT0_IRQHandler
                0x0000000000000256                ETH_IRQHandler
                0x0000000000000256                PWM0_IRQHandler
                0x0000000000000256                SSP2_IRQHandler
                0x0000000000000256                EEPROM_IRQHandler
                0x0000000000000256                DMA_IRQHandler
                0x0000000000000256                UART3_IRQHandler
                0x0000000000000256                GPIO_IRQHandler
                0x0000000000000256                MCPWM_IRQHandler
                0x0000000000000256                RIT_IRQHandler
                0x0000000000000256                I2C0_IRQHandler
                0x0000000000000256                USBActivity_IRQHandler
                0x0000000000000256                PWM1_IRQHandler
                0x0000000000000256                SDIO_IRQHandler
                0x0000000000000256                I2C1_IRQHandler
                0x0000000000000256                EINT2_IRQHandler
                0x0000000000000256                UART1_IRQHandler
                0x0000000000000256                EINT3_IRQHandler
                0x0000000000000256                CANActivity_IRQHandler
                0x0000000000000256                UART0_IRQHandler
 *(.text*)
 .text.enable_peripheral
                0x0000000000000260       0x24 ./src/peripherals/peripherals.o
                0x0000000000000260                enable_peripheral
 .text.disable_peripheral
                0x0000000000000284       0x28 ./src/peripherals/peripherals.o
                0x0000000000000284                disable_peripheral
 .text.NVIC_EnableIRQ
                0x00000000000002ac       0x34 ./src/dev/adc.o
 .text.NVIC_DisableIRQ
                0x00000000000002e0       0x34 ./src/dev/adc.o
 .text.adc_start
                0x0000000000000314       0x34 ./src/dev/adc.o
 .text.adc_stop
                0x0000000000000348       0x30 ./src/dev/adc.o
 .text.adc_enable_channel
                0x0000000000000378       0xd4 ./src/dev/adc.o
 .text.adc_disable_channel
                0x000000000000044c       0xa0 ./src/dev/adc.o
 .text.ADC_IRQHandler
                0x00000000000004ec       0xd8 ./src/dev/adc.o
                0x00000000000004ec                ADC_IRQHandler
 .text.adc_command_convert
                0x00000000000005c4       0x7c ./src/dev/adc.o
 .text.adc_command_convert_continous
                0x0000000000000640       0x7c ./src/dev/adc.o
 .text.adc_command_stop_convert
                0x00000000000006bc       0x1a ./src/dev/adc.o
 *fill*         0x00000000000006d6        0x2 ff
 .text.init     0x00000000000006d8      0x130 ./src/dev/adc.o
 .text.start    0x0000000000000808       0x50 ./src/dev/adc.o
 .text.end      0x0000000000000858       0x38 ./src/dev/adc.o
 .text.getADCDevice
                0x0000000000000890       0x54 ./src/dev/adc.o
                0x0000000000000890                getADCDevice
 .text.pin_error_state
                0x00000000000008e4       0x2c ./src/dev/device.o
                0x00000000000008e4                pin_error_state
 .text.pwm0_set_duty_cycle
                0x0000000000000910       0x74 ./src/dev/pwm0.o
 .text.pwm0_set_period
                0x0000000000000984       0x4c ./src/dev/pwm0.o
 .text.pwm0_set_channel_status
                0x00000000000009d0      0x12c ./src/dev/pwm0.o
 .text.init     0x0000000000000afc      0x1b8 ./src/dev/pwm0.o
 .text.start    0x0000000000000cb4       0x90 ./src/dev/pwm0.o
 .text.end      0x0000000000000d44       0x38 ./src/dev/pwm0.o
 .text.getPWM0Device
                0x0000000000000d7c       0x5c ./src/dev/pwm0.o
                0x0000000000000d7c                getPWM0Device
 .text.rgb_led_command_set_red
                0x0000000000000dd8       0x48 ./src/dev/rgb_led.o
 .text.rgb_led_command_set_green
                0x0000000000000e20       0x48 ./src/dev/rgb_led.o
 .text.rgb_led_command_set_blue
                0x0000000000000e68       0x48 ./src/dev/rgb_led.o
 .text.rgb_led_command_set_rgb
                0x0000000000000eb0       0x48 ./src/dev/rgb_led.o
 .text.init     0x0000000000000ef8       0x50 ./src/dev/rgb_led.o
 .text.start    0x0000000000000f48       0xac ./src/dev/rgb_led.o
 .text.end      0x0000000000000ff4       0x40 ./src/dev/rgb_led.o
 .text.getRGBLed
                0x0000000000001034       0x5c ./src/dev/rgb_led.o
                0x0000000000001034                getRGBLed
 .text.NVIC_EnableIRQ
                0x0000000000001090       0x34 ./src/dev/timer.o
 .text.TIMER1_IRQHandler
                0x00000000000010c4       0xc4 ./src/dev/timer.o
                0x00000000000010c4                TIMER1_IRQHandler
 .text.init_timer
                0x0000000000001188       0x4c ./src/dev/timer.o
                0x0000000000001188                init_timer
 .text.NVIC_EnableIRQ
                0x00000000000011d4       0x34 ./src/Ultrasonic.o
 .text.NVIC_DisableIRQ
                0x0000000000001208       0x34 ./src/Ultrasonic.o
 .text.NVIC_ClearPendingIRQ
                0x000000000000123c       0x34 ./src/Ultrasonic.o
 .text.TIMER2_IRQHandler
                0x0000000000001270       0x58 ./src/Ultrasonic.o
                0x0000000000001270                TIMER2_IRQHandler
 .text.TIMER3_IRQHandler
                0x00000000000012c8       0x90 ./src/Ultrasonic.o
                0x00000000000012c8                TIMER3_IRQHandler
 .text.SystemInit
                0x0000000000001358       0x28 ./src/sysinit.o
                0x0000000000001358                SystemInit
 .text.adc_callback_green
                0x0000000000001380       0x5c ./src/test.o
                0x0000000000001380                adc_callback_green
 .text.main     0x00000000000013dc       0x6c ./src/test.o
                0x00000000000013dc                main
 .text.SystemCoreClockUpdate
                0x0000000000001448       0x18 /Users/karacasoft/Documents/MCUXpressoIDE_10.1.0/workspace/lpc_chip_40xx/Debug/liblpc_chip_40xx.a(chip_17xx_40xx.o)
                0x0000000000001448                SystemCoreClockUpdate
 .text.Chip_Clock_IsMainPLLEnabled
                0x0000000000001460       0x28 /Users/karacasoft/Documents/MCUXpressoIDE_10.1.0/workspace/lpc_chip_40xx/Debug/liblpc_chip_40xx.a(clock_17xx_40xx.o)
 .text.Chip_Clock_FeedPLL
                0x0000000000001488       0x38 /Users/karacasoft/Documents/MCUXpressoIDE_10.1.0/workspace/lpc_chip_40xx/Debug/liblpc_chip_40xx.a(clock_17xx_40xx.o)
 .text.Chip_Clock_GetMainPLLSource
                0x00000000000014c0       0x20 /Users/karacasoft/Documents/MCUXpressoIDE_10.1.0/workspace/lpc_chip_40xx/Debug/liblpc_chip_40xx.a(clock_17xx_40xx.o)
 .text.Chip_Clock_GetMainOscRate
                0x00000000000014e0       0x18 /Users/karacasoft/Documents/MCUXpressoIDE_10.1.0/workspace/lpc_chip_40xx/Debug/liblpc_chip_40xx.a(clock_17xx_40xx.o)
 .text.Chip_Clock_GetIntOscRate
                0x00000000000014f8       0x14 /Users/karacasoft/Documents/MCUXpressoIDE_10.1.0/workspace/lpc_chip_40xx/Debug/liblpc_chip_40xx.a(clock_17xx_40xx.o)
 .text.Chip_Clock_GetMainPLLInClockRate
                0x000000000000150c        0xe /Users/karacasoft/Documents/MCUXpressoIDE_10.1.0/workspace/lpc_chip_40xx/Debug/liblpc_chip_40xx.a(clock_17xx_40xx.o)
 *fill*         0x000000000000151a        0x2 ff
 .text.Chip_Clock_EnablePLL
                0x000000000000151c       0x44 /Users/karacasoft/Documents/MCUXpressoIDE_10.1.0/workspace/lpc_chip_40xx/Debug/liblpc_chip_40xx.a(clock_17xx_40xx.o)
                0x000000000000151c                Chip_Clock_EnablePLL
 .text.Chip_Clock_DisablePLL
                0x0000000000001560       0x48 /Users/karacasoft/Documents/MCUXpressoIDE_10.1.0/workspace/lpc_chip_40xx/Debug/liblpc_chip_40xx.a(clock_17xx_40xx.o)
                0x0000000000001560                Chip_Clock_DisablePLL
 .text.Chip_Clock_SetupPLL
                0x00000000000015a8       0x4c /Users/karacasoft/Documents/MCUXpressoIDE_10.1.0/workspace/lpc_chip_40xx/Debug/liblpc_chip_40xx.a(clock_17xx_40xx.o)
                0x00000000000015a8                Chip_Clock_SetupPLL
 .text.Chip_Clock_SetCPUClockSource
                0x00000000000015f4       0x44 /Users/karacasoft/Documents/MCUXpressoIDE_10.1.0/workspace/lpc_chip_40xx/Debug/liblpc_chip_40xx.a(clock_17xx_40xx.o)
                0x00000000000015f4                Chip_Clock_SetCPUClockSource
 .text.Chip_Clock_GetCPUClockSource
                0x0000000000001638       0x30 /Users/karacasoft/Documents/MCUXpressoIDE_10.1.0/workspace/lpc_chip_40xx/Debug/liblpc_chip_40xx.a(clock_17xx_40xx.o)
                0x0000000000001638                Chip_Clock_GetCPUClockSource
 .text.Chip_Clock_SetCPUClockDiv
                0x0000000000001668       0x30 /Users/karacasoft/Documents/MCUXpressoIDE_10.1.0/workspace/lpc_chip_40xx/Debug/liblpc_chip_40xx.a(clock_17xx_40xx.o)
                0x0000000000001668                Chip_Clock_SetCPUClockDiv
 .text.Chip_Clock_GetCPUClockDiv
                0x0000000000001698       0x1c /Users/karacasoft/Documents/MCUXpressoIDE_10.1.0/workspace/lpc_chip_40xx/Debug/liblpc_chip_40xx.a(clock_17xx_40xx.o)
                0x0000000000001698                Chip_Clock_GetCPUClockDiv
 .text.Chip_Clock_GetSYSCLKRate
                0x00000000000016b4       0x2a /Users/karacasoft/Documents/MCUXpressoIDE_10.1.0/workspace/lpc_chip_40xx/Debug/liblpc_chip_40xx.a(clock_17xx_40xx.o)
                0x00000000000016b4                Chip_Clock_GetSYSCLKRate
 *fill*         0x00000000000016de        0x2 ff
 .text.Chip_Clock_GetMainPLLOutClockRate
                0x00000000000016e0       0x40 /Users/karacasoft/Documents/MCUXpressoIDE_10.1.0/workspace/lpc_chip_40xx/Debug/liblpc_chip_40xx.a(clock_17xx_40xx.o)
                0x00000000000016e0                Chip_Clock_GetMainPLLOutClockRate
 .text.Chip_Clock_GetMainClockRate
                0x0000000000001720       0x28 /Users/karacasoft/Documents/MCUXpressoIDE_10.1.0/workspace/lpc_chip_40xx/Debug/liblpc_chip_40xx.a(clock_17xx_40xx.o)
                0x0000000000001720                Chip_Clock_GetMainClockRate
 .text.Chip_Clock_GetSystemClockRate
                0x0000000000001748       0x18 /Users/karacasoft/Documents/MCUXpressoIDE_10.1.0/workspace/lpc_chip_40xx/Debug/liblpc_chip_40xx.a(clock_17xx_40xx.o)
                0x0000000000001748                Chip_Clock_GetSystemClockRate
 .text.fpuInit  0x0000000000001760       0x74 /Users/karacasoft/Documents/MCUXpressoIDE_10.1.0/workspace/lpc_chip_40xx/Debug/liblpc_chip_40xx.a(fpu_init.o)
                0x0000000000001760                fpuInit
 .text.Chip_Clock_IsMainPLLEnabled
                0x00000000000017d4       0x28 /Users/karacasoft/Documents/MCUXpressoIDE_10.1.0/workspace/lpc_chip_40xx/Debug/liblpc_chip_40xx.a(sysinit_17xx_40xx.o)
 .text.Chip_Clock_IsMainPLLLocked
                0x00000000000017fc       0x28 /Users/karacasoft/Documents/MCUXpressoIDE_10.1.0/workspace/lpc_chip_40xx/Debug/liblpc_chip_40xx.a(sysinit_17xx_40xx.o)
 .text.Chip_Clock_SetMainPLLSource
                0x0000000000001824       0x24 /Users/karacasoft/Documents/MCUXpressoIDE_10.1.0/workspace/lpc_chip_40xx/Debug/liblpc_chip_40xx.a(sysinit_17xx_40xx.o)
 .text.Chip_Clock_SetPCLKDiv
                0x0000000000001848       0x20 /Users/karacasoft/Documents/MCUXpressoIDE_10.1.0/workspace/lpc_chip_40xx/Debug/liblpc_chip_40xx.a(sysinit_17xx_40xx.o)
 .text.Chip_SetupIrcClocking
                0x0000000000001868       0x5c /Users/karacasoft/Documents/MCUXpressoIDE_10.1.0/workspace/lpc_chip_40xx/Debug/liblpc_chip_40xx.a(sysinit_17xx_40xx.o)
                0x0000000000001868                Chip_SetupIrcClocking
 .text.Chip_SystemInit
                0x00000000000018c4        0xc /Users/karacasoft/Documents/MCUXpressoIDE_10.1.0/workspace/lpc_chip_40xx/Debug/liblpc_chip_40xx.a(sysinit_17xx_40xx.o)
                0x00000000000018c4                Chip_SystemInit
 .text.__weak_main
                0x00000000000018d0        0x4 /Applications/MCUXpressoIDE_10.1.0_589/ide/tools/bin/../lib/gcc/arm-none-eabi/6.3.1/../../../../arm-none-eabi/lib/thumb/v7e-m/fpv4-sp/softfp/libcr_c.a(__weak__main.o)
                0x00000000000018d0                __main
                0x00000000000018d0                __weak_main
 *(.rodata .rodata.* .constdata .constdata.*)
 .rodata.OscRateIn
                0x00000000000018d4        0x4 ./src/sysinit.o
                0x00000000000018d4                OscRateIn
                0x00000000000018d8                . = ALIGN (0x4)

.glue_7         0x00000000000018d8        0x0
 .glue_7        0x00000000000018d8        0x0 linker stubs

.glue_7t        0x00000000000018d8        0x0
 .glue_7t       0x00000000000018d8        0x0 linker stubs

.vfp11_veneer   0x00000000000018d8        0x0
 .vfp11_veneer  0x00000000000018d8        0x0 linker stubs

.v4_bx          0x00000000000018d8        0x0
 .v4_bx         0x00000000000018d8        0x0 linker stubs

.iplt           0x00000000000018d8        0x0
 .iplt          0x00000000000018d8        0x0 ./src/peripherals/peripherals.o

.rel.dyn        0x00000000000018d8        0x0
 .rel.iplt      0x00000000000018d8        0x0 ./src/peripherals/peripherals.o

.ARM.extab
 *(.ARM.extab* .gnu.linkonce.armextab.*)
                0x00000000000018d8                __exidx_start = .

.ARM.exidx
 *(.ARM.exidx* .gnu.linkonce.armexidx.*)
                0x00000000000018d8                __exidx_end = .
                0x00000000000018d8                _etext = .

.data_RAM2      0x0000000020000000        0x0 load address 0x00000000000018d8
 FILL mask 0xff
                [!provide]                        PROVIDE (__start_data_RAM2, .)
 *(.ramfunc.$RAM2)
 *(.ramfunc.$RamPeriph32)
 *(.data.$RAM2*)
 *(.data.$RamPeriph32*)
                0x0000000020000000                . = ALIGN (0x4)
                [!provide]                        PROVIDE (__end_data_RAM2, .)

.uninit_RESERVED
                0x0000000010000000        0x0
 *(.bss.$RESERVED*)
                0x0000000010000000                . = ALIGN (0x4)
                0x0000000010000000                _end_uninit_RESERVED = .

.data           0x0000000010000000       0x70 load address 0x00000000000018d8
 FILL mask 0xff
                0x0000000010000000                _data = .
 *(vtable)
 *(.ramfunc*)
 *(.data*)
 .data.adc_dr_regs
                0x0000000010000000       0x20 ./src/dev/adc.o
                0x0000000010000000                adc_dr_regs
 .data.pin_usage_bitmap
                0x0000000010000020       0x18 ./src/dev/device.o
                0x0000000010000020                pin_usage_bitmap
 .data.peripheral_usage
                0x0000000010000038       0x20 ./src/dev/device.o
                0x0000000010000038                peripheral_usage
 .data.IOCON_PORTS
                0x0000000010000058       0x18 ./src/dev/iocon.o
                0x0000000010000058                IOCON_PORTS
                0x0000000010000070                . = ALIGN (0x4)
                0x0000000010000070                _edata = .

.igot.plt       0x0000000010000070        0x0 load address 0x0000000000001948
 .igot.plt      0x0000000010000070        0x0 ./src/peripherals/peripherals.o

.bss_RAM2       0x0000000020000000        0x0
                [!provide]                        PROVIDE (__start_bss_RAM2, .)
 *(.bss.$RAM2*)
 *(.bss.$RamPeriph32*)
                0x0000000020000000                . = ALIGN ((. != 0x0)?0x4:0x1)
                [!provide]                        PROVIDE (__end_bss_RAM2, .)

.bss            0x0000000010000070      0x2b4
                0x0000000010000070                _bss = .
 *(.bss*)
 .bss.commands  0x0000000010000070        0xc ./src/dev/adc.o
 .bss.callbacks
                0x000000001000007c       0x20 ./src/dev/adc.o
 .bss.adc_callback_state
                0x000000001000009c        0x8 ./src/dev/adc.o
 .bss.adc_working
                0x00000000100000a4        0x1 ./src/dev/adc.o
 *fill*         0x00000000100000a5        0x3 
 .bss.__adc     0x00000000100000a8       0x1c ./src/dev/adc.o
 .bss.adc_iocon_values
                0x00000000100000c4       0x40 ./src/dev/adc.o
                0x00000000100000c4                adc_iocon_values
 .bss.current_channel
                0x0000000010000104        0x1 ./src/dev/adc.o
                0x0000000010000104                current_channel
 *fill*         0x0000000010000105        0x3 
 .bss.pwm0_dev  0x0000000010000108       0x80 ./src/dev/pwm0.o
 .bss.commands  0x0000000010000188        0xc ./src/dev/pwm0.o
 .bss.commands  0x0000000010000194       0x10 ./src/dev/rgb_led.o
 .bss.rgb_led   0x00000000100001a4       0x20 ./src/dev/rgb_led.o
 .bss.timer_blocks
                0x00000000100001c4      0x140 ./src/dev/timer.o
                0x00000000100001c4                timer_blocks
 .bss.isUltrasonicSensorTriggerEnded
                0x0000000010000304        0x1 ./src/Ultrasonic.o
                0x0000000010000304                isUltrasonicSensorTriggerEnded
 .bss.ultrasonicSensorEdgeCount
                0x0000000010000305        0x1 ./src/Ultrasonic.o
                0x0000000010000305                ultrasonicSensorEdgeCount
 *fill*         0x0000000010000306        0x2 
 .bss.ultrasonicSensorRisingTime
                0x0000000010000308        0x4 ./src/Ultrasonic.o
                0x0000000010000308                ultrasonicSensorRisingTime
 .bss.ultrasonicSensorFallingTime
                0x000000001000030c        0x4 ./src/Ultrasonic.o
                0x000000001000030c                ultrasonicSensorFallingTime
 .bss.ultrasonicSensorDistance
                0x0000000010000310        0x4 ./src/Ultrasonic.o
                0x0000000010000310                ultrasonicSensorDistance
 .bss.rgb_led   0x0000000010000314        0x4 ./src/test.o
                0x0000000010000314                rgb_led
 .bss.reading_ldr
                0x0000000010000318        0x1 ./src/test.o
                0x0000000010000318                reading_ldr
 *fill*         0x0000000010000319        0x3 
 .bss.greenVal  0x000000001000031c        0x4 ./src/test.o
                0x000000001000031c                greenVal
 *(COMMON)
 COMMON         0x0000000010000320        0x4 /Users/karacasoft/Documents/MCUXpressoIDE_10.1.0/workspace/lpc_chip_40xx/Debug/liblpc_chip_40xx.a(chip_17xx_40xx.o)
                0x0000000010000320                SystemCoreClock
                0x0000000010000324                . = ALIGN (0x4)
                0x0000000010000324                _ebss = .
                [!provide]                        PROVIDE (end, .)

.noinit_RAM2    0x0000000020000000        0x0
 *(.noinit.$RAM2*)
 *(.noinit.$RamPeriph32*)
                0x0000000020000000                . = ALIGN (0x4)

.noinit         0x0000000010000324        0x0
                0x0000000010000324                _noinit = .
 *(.noinit*)
                0x0000000010000324                . = ALIGN (0x4)
                0x0000000010000324                _end_noinit = .
                [!provide]                        PROVIDE (_pvHeapStart, DEFINED (__user_heap_base)?__user_heap_base:.)
                0x0000000010010000                PROVIDE (_vStackTop, DEFINED (__user_stack_top)?__user_stack_top:(__top_RamLoc64 - 0x0))
                0xffffffffeffef396                PROVIDE (__valid_user_code_checksum, (0x0 - ((((((_vStackTop + (ResetISR + 0x1)) + (NMI_Handler + 0x1)) + (HardFault_Handler + 0x1)) + (DEFINED (MemManage_Handler)?MemManage_Handler:0x0 + 0x1)) + (DEFINED (BusFault_Handler)?BusFault_Handler:0x0 + 0x1)) + (DEFINED (UsageFault_Handler)?UsageFault_Handler:0x0 + 0x1))))
                0x0000000000000000                _image_start = LOADADDR (.text)
                0x0000000000001948                _image_end = (LOADADDR (.data) + SIZEOF (.data))
                0x0000000000001948                _image_size = (_image_end - _image_start)
OUTPUT(test.axf elf32-littlearm)

.debug_info     0x0000000000000000     0x504d
 .debug_info    0x0000000000000000      0x12e ./src/peripherals/peripherals.o
 .debug_info    0x000000000000012e      0xb6c ./src/dev/adc.o
 .debug_info    0x0000000000000c9a      0x474 ./src/dev/device.o
 .debug_info    0x000000000000110e      0x19b ./src/dev/iocon.o
 .debug_info    0x00000000000012a9      0x5bf ./src/dev/pwm0.o
 .debug_info    0x0000000000001868      0x317 ./src/dev/rgb_led.o
 .debug_info    0x0000000000001b7f      0x747 ./src/dev/timer.o
 .debug_info    0x00000000000022c6      0xa37 ./src/Ultrasonic.o
 .debug_info    0x0000000000002cfd      0x270 ./src/cr_startup_lpc407x_8x.o
 .debug_info    0x0000000000002f6d      0x225 ./src/sysinit.o
 .debug_info    0x0000000000003192      0x63b ./src/test.o
 .debug_info    0x00000000000037cd      0x632 /Users/karacasoft/Documents/MCUXpressoIDE_10.1.0/workspace/lpc_chip_40xx/Debug/liblpc_chip_40xx.a(chip_17xx_40xx.o)
 .debug_info    0x0000000000003dff      0xbc5 /Users/karacasoft/Documents/MCUXpressoIDE_10.1.0/workspace/lpc_chip_40xx/Debug/liblpc_chip_40xx.a(clock_17xx_40xx.o)
 .debug_info    0x00000000000049c4      0x15d /Users/karacasoft/Documents/MCUXpressoIDE_10.1.0/workspace/lpc_chip_40xx/Debug/liblpc_chip_40xx.a(fpu_init.o)
 .debug_info    0x0000000000004b21      0x52c /Users/karacasoft/Documents/MCUXpressoIDE_10.1.0/workspace/lpc_chip_40xx/Debug/liblpc_chip_40xx.a(sysinit_17xx_40xx.o)

.debug_abbrev   0x0000000000000000     0x1801
 .debug_abbrev  0x0000000000000000       0xbd ./src/peripherals/peripherals.o
 .debug_abbrev  0x00000000000000bd      0x2eb ./src/dev/adc.o
 .debug_abbrev  0x00000000000003a8      0x16a ./src/dev/device.o
 .debug_abbrev  0x0000000000000512       0xe4 ./src/dev/iocon.o
 .debug_abbrev  0x00000000000005f6      0x1f1 ./src/dev/pwm0.o
 .debug_abbrev  0x00000000000007e7      0x178 ./src/dev/rgb_led.o
 .debug_abbrev  0x000000000000095f      0x23c ./src/dev/timer.o
 .debug_abbrev  0x0000000000000b9b      0x21d ./src/Ultrasonic.o
 .debug_abbrev  0x0000000000000db8      0x132 ./src/cr_startup_lpc407x_8x.o
 .debug_abbrev  0x0000000000000eea       0xdb ./src/sysinit.o
 .debug_abbrev  0x0000000000000fc5      0x1d2 ./src/test.o
 .debug_abbrev  0x0000000000001197      0x16d /Users/karacasoft/Documents/MCUXpressoIDE_10.1.0/workspace/lpc_chip_40xx/Debug/liblpc_chip_40xx.a(chip_17xx_40xx.o)
 .debug_abbrev  0x0000000000001304      0x2c9 /Users/karacasoft/Documents/MCUXpressoIDE_10.1.0/workspace/lpc_chip_40xx/Debug/liblpc_chip_40xx.a(clock_17xx_40xx.o)
 .debug_abbrev  0x00000000000015cd       0xaa /Users/karacasoft/Documents/MCUXpressoIDE_10.1.0/workspace/lpc_chip_40xx/Debug/liblpc_chip_40xx.a(fpu_init.o)
 .debug_abbrev  0x0000000000001677      0x18a /Users/karacasoft/Documents/MCUXpressoIDE_10.1.0/workspace/lpc_chip_40xx/Debug/liblpc_chip_40xx.a(sysinit_17xx_40xx.o)

.debug_aranges  0x0000000000000000      0x528
 .debug_aranges
                0x0000000000000000       0x30 ./src/peripherals/peripherals.o
 .debug_aranges
                0x0000000000000030       0x88 ./src/dev/adc.o
 .debug_aranges
                0x00000000000000b8       0x40 ./src/dev/device.o
 .debug_aranges
                0x00000000000000f8       0x18 ./src/dev/iocon.o
 .debug_aranges
                0x0000000000000110       0x50 ./src/dev/pwm0.o
 .debug_aranges
                0x0000000000000160       0x58 ./src/dev/rgb_led.o
 .debug_aranges
                0x00000000000001b8       0x58 ./src/dev/timer.o
 .debug_aranges
                0x0000000000000210       0x60 ./src/Ultrasonic.o
 .debug_aranges
                0x0000000000000270       0x80 ./src/cr_startup_lpc407x_8x.o
 .debug_aranges
                0x00000000000002f0       0x20 ./src/sysinit.o
 .debug_aranges
                0x0000000000000310       0x30 ./src/test.o
 .debug_aranges
                0x0000000000000340       0x30 /Users/karacasoft/Documents/MCUXpressoIDE_10.1.0/workspace/lpc_chip_40xx/Debug/liblpc_chip_40xx.a(chip_17xx_40xx.o)
 .debug_aranges
                0x0000000000000370      0x138 /Users/karacasoft/Documents/MCUXpressoIDE_10.1.0/workspace/lpc_chip_40xx/Debug/liblpc_chip_40xx.a(clock_17xx_40xx.o)
 .debug_aranges
                0x00000000000004a8       0x20 /Users/karacasoft/Documents/MCUXpressoIDE_10.1.0/workspace/lpc_chip_40xx/Debug/liblpc_chip_40xx.a(fpu_init.o)
 .debug_aranges
                0x00000000000004c8       0x60 /Users/karacasoft/Documents/MCUXpressoIDE_10.1.0/workspace/lpc_chip_40xx/Debug/liblpc_chip_40xx.a(sysinit_17xx_40xx.o)

.debug_ranges   0x0000000000000000      0x430
 .debug_ranges  0x0000000000000000       0x20 ./src/peripherals/peripherals.o
 .debug_ranges  0x0000000000000020       0x78 ./src/dev/adc.o
 .debug_ranges  0x0000000000000098       0x30 ./src/dev/device.o
 .debug_ranges  0x00000000000000c8       0x40 ./src/dev/pwm0.o
 .debug_ranges  0x0000000000000108       0x48 ./src/dev/rgb_led.o
 .debug_ranges  0x0000000000000150       0x48 ./src/dev/timer.o
 .debug_ranges  0x0000000000000198       0x50 ./src/Ultrasonic.o
 .debug_ranges  0x00000000000001e8       0x70 ./src/cr_startup_lpc407x_8x.o
 .debug_ranges  0x0000000000000258       0x10 ./src/sysinit.o
 .debug_ranges  0x0000000000000268       0x20 ./src/test.o
 .debug_ranges  0x0000000000000288       0x20 /Users/karacasoft/Documents/MCUXpressoIDE_10.1.0/workspace/lpc_chip_40xx/Debug/liblpc_chip_40xx.a(chip_17xx_40xx.o)
 .debug_ranges  0x00000000000002a8      0x128 /Users/karacasoft/Documents/MCUXpressoIDE_10.1.0/workspace/lpc_chip_40xx/Debug/liblpc_chip_40xx.a(clock_17xx_40xx.o)
 .debug_ranges  0x00000000000003d0       0x10 /Users/karacasoft/Documents/MCUXpressoIDE_10.1.0/workspace/lpc_chip_40xx/Debug/liblpc_chip_40xx.a(fpu_init.o)
 .debug_ranges  0x00000000000003e0       0x50 /Users/karacasoft/Documents/MCUXpressoIDE_10.1.0/workspace/lpc_chip_40xx/Debug/liblpc_chip_40xx.a(sysinit_17xx_40xx.o)

.debug_macro    0x0000000000000000     0x68bf
 .debug_macro   0x0000000000000000       0x4b ./src/peripherals/peripherals.o
 .debug_macro   0x000000000000004b      0x8ce ./src/peripherals/peripherals.o
 .debug_macro   0x0000000000000919       0x10 ./src/peripherals/peripherals.o
 .debug_macro   0x0000000000000929      0x12d ./src/peripherals/peripherals.o
 .debug_macro   0x0000000000000a56      0x5b2 ./src/peripherals/peripherals.o
 .debug_macro   0x0000000000001008       0xd0 ./src/peripherals/peripherals.o
 .debug_macro   0x00000000000010d8      0x265 ./src/dev/adc.o
 .debug_macro   0x000000000000133d       0x1c ./src/dev/adc.o
 .debug_macro   0x0000000000001359       0x22 ./src/dev/adc.o
 .debug_macro   0x000000000000137b       0x7b ./src/dev/adc.o
 .debug_macro   0x00000000000013f6       0x16 ./src/dev/adc.o
 .debug_macro   0x000000000000140c       0x2d ./src/dev/adc.o
 .debug_macro   0x0000000000001439       0x3b ./src/dev/adc.o
 .debug_macro   0x0000000000001474       0x2d ./src/dev/adc.o
 .debug_macro   0x00000000000014a1       0x42 ./src/dev/adc.o
 .debug_macro   0x00000000000014e3      0xd39 ./src/dev/adc.o
 .debug_macro   0x000000000000221c      0x295 ./src/dev/adc.o
 .debug_macro   0x00000000000024b1       0x50 ./src/dev/adc.o
 .debug_macro   0x0000000000002501       0x34 ./src/dev/adc.o
 .debug_macro   0x0000000000002535      0x152 ./src/dev/adc.o
 .debug_macro   0x0000000000002687       0x82 ./src/dev/adc.o
 .debug_macro   0x0000000000002709      0x48c ./src/dev/adc.o
 .debug_macro   0x0000000000002b95      0x12d ./src/dev/adc.o
 .debug_macro   0x0000000000002cc2       0x6a ./src/dev/adc.o
 .debug_macro   0x0000000000002d2c       0x34 ./src/dev/adc.o
 .debug_macro   0x0000000000002d60       0x58 ./src/dev/adc.o
 .debug_macro   0x0000000000002db8      0x236 ./src/dev/adc.o
 .debug_macro   0x0000000000002fee      0x4c5 ./src/dev/adc.o
 .debug_macro   0x00000000000034b3      0x1da ./src/dev/adc.o
 .debug_macro   0x000000000000368d       0x10 ./src/dev/adc.o
 .debug_macro   0x000000000000369d      0x21b ./src/dev/adc.o
 .debug_macro   0x00000000000038b8      0x1b9 ./src/dev/adc.o
 .debug_macro   0x0000000000003a71       0x2e ./src/dev/adc.o
 .debug_macro   0x0000000000003a9f       0x40 ./src/dev/adc.o
 .debug_macro   0x0000000000003adf      0x209 ./src/dev/adc.o
 .debug_macro   0x0000000000003ce8      0x2b3 ./src/dev/adc.o
 .debug_macro   0x0000000000003f9b      0x34c ./src/dev/adc.o
 .debug_macro   0x00000000000042e7       0xb2 ./src/dev/adc.o
 .debug_macro   0x0000000000004399       0x16 ./src/dev/adc.o
 .debug_macro   0x00000000000043af       0xb8 ./src/dev/adc.o
 .debug_macro   0x0000000000004467       0x4c ./src/dev/adc.o
 .debug_macro   0x00000000000044b3       0x16 ./src/dev/adc.o
 .debug_macro   0x00000000000044c9      0x328 ./src/dev/adc.o
 .debug_macro   0x00000000000047f1       0x3a ./src/dev/adc.o
 .debug_macro   0x000000000000482b       0x16 ./src/dev/adc.o
 .debug_macro   0x0000000000004841       0xca ./src/dev/adc.o
 .debug_macro   0x000000000000490b       0x18 ./src/dev/adc.o
 .debug_macro   0x0000000000004923       0x16 ./src/dev/adc.o
 .debug_macro   0x0000000000004939       0x34 ./src/dev/adc.o
 .debug_macro   0x000000000000496d       0xd6 ./src/dev/adc.o
 .debug_macro   0x0000000000004a43      0x112 ./src/dev/adc.o
 .debug_macro   0x0000000000004b55       0x3a ./src/dev/adc.o
 .debug_macro   0x0000000000004b8f       0x5d ./src/dev/device.o
 .debug_macro   0x0000000000004bec       0x40 ./src/dev/device.o
 .debug_macro   0x0000000000004c2c       0x4b ./src/dev/iocon.o
 .debug_macro   0x0000000000004c77       0x2e ./src/dev/iocon.o
 .debug_macro   0x0000000000004ca5       0x74 ./src/dev/pwm0.o
 .debug_macro   0x0000000000004d19       0x16 ./src/dev/pwm0.o
 .debug_macro   0x0000000000004d2f       0x10 ./src/dev/pwm0.o
 .debug_macro   0x0000000000004d3f       0x6f ./src/dev/rgb_led.o
 .debug_macro   0x0000000000004dae       0x22 ./src/dev/rgb_led.o
 .debug_macro   0x0000000000004dd0      0x241 ./src/dev/timer.o
 .debug_macro   0x0000000000005011       0x16 ./src/dev/timer.o
 .debug_macro   0x0000000000005027      0x277 ./src/Ultrasonic.o
 .debug_macro   0x000000000000529e       0x3a ./src/Ultrasonic.o
 .debug_macro   0x00000000000052d8       0x1c ./src/Ultrasonic.o
 .debug_macro   0x00000000000052f4       0x1d ./src/cr_startup_lpc407x_8x.o
 .debug_macro   0x0000000000005311      0x22c ./src/sysinit.o
 .debug_macro   0x000000000000553d      0x2c3 ./src/test.o
 .debug_macro   0x0000000000005800       0x82 ./src/test.o
 .debug_macro   0x0000000000005882       0x1c ./src/test.o
 .debug_macro   0x000000000000589e       0x1c ./src/test.o
 .debug_macro   0x00000000000058ba      0x22c /Users/karacasoft/Documents/MCUXpressoIDE_10.1.0/workspace/lpc_chip_40xx/Debug/liblpc_chip_40xx.a(chip_17xx_40xx.o)
 .debug_macro   0x0000000000005ae6      0x8c2 /Users/karacasoft/Documents/MCUXpressoIDE_10.1.0/workspace/lpc_chip_40xx/Debug/liblpc_chip_40xx.a(chip_17xx_40xx.o)
 .debug_macro   0x00000000000063a8      0x22c /Users/karacasoft/Documents/MCUXpressoIDE_10.1.0/workspace/lpc_chip_40xx/Debug/liblpc_chip_40xx.a(clock_17xx_40xx.o)
 .debug_macro   0x00000000000065d4       0xbf /Users/karacasoft/Documents/MCUXpressoIDE_10.1.0/workspace/lpc_chip_40xx/Debug/liblpc_chip_40xx.a(fpu_init.o)
 .debug_macro   0x0000000000006693      0x22c /Users/karacasoft/Documents/MCUXpressoIDE_10.1.0/workspace/lpc_chip_40xx/Debug/liblpc_chip_40xx.a(sysinit_17xx_40xx.o)

.debug_line     0x0000000000000000     0x3a78
 .debug_line    0x0000000000000000      0x147 ./src/peripherals/peripherals.o
 .debug_line    0x0000000000000147      0x692 ./src/dev/adc.o
 .debug_line    0x00000000000007d9      0x1d0 ./src/dev/device.o
 .debug_line    0x00000000000009a9      0x104 ./src/dev/iocon.o
 .debug_line    0x0000000000000aad      0x24e ./src/dev/pwm0.o
 .debug_line    0x0000000000000cfb      0x228 ./src/dev/rgb_led.o
 .debug_line    0x0000000000000f23      0x597 ./src/dev/timer.o
 .debug_line    0x00000000000014ba      0x610 ./src/Ultrasonic.o
 .debug_line    0x0000000000001aca       0xda ./src/cr_startup_lpc407x_8x.o
 .debug_line    0x0000000000001ba4      0x4ae ./src/sysinit.o
 .debug_line    0x0000000000002052      0x621 ./src/test.o
 .debug_line    0x0000000000002673      0x4e5 /Users/karacasoft/Documents/MCUXpressoIDE_10.1.0/workspace/lpc_chip_40xx/Debug/liblpc_chip_40xx.a(chip_17xx_40xx.o)
 .debug_line    0x0000000000002b58      0x7a5 /Users/karacasoft/Documents/MCUXpressoIDE_10.1.0/workspace/lpc_chip_40xx/Debug/liblpc_chip_40xx.a(clock_17xx_40xx.o)
 .debug_line    0x00000000000032fd      0x207 /Users/karacasoft/Documents/MCUXpressoIDE_10.1.0/workspace/lpc_chip_40xx/Debug/liblpc_chip_40xx.a(fpu_init.o)
 .debug_line    0x0000000000003504      0x574 /Users/karacasoft/Documents/MCUXpressoIDE_10.1.0/workspace/lpc_chip_40xx/Debug/liblpc_chip_40xx.a(sysinit_17xx_40xx.o)

.debug_str      0x0000000000000000    0x1936c
 .debug_str     0x0000000000000000     0x3f9c ./src/peripherals/peripherals.o
                                       0x4020 (size before relaxing)
 .debug_str     0x0000000000003f9c    0x1335d ./src/dev/adc.o
                                      0x17414 (size before relaxing)
 .debug_str     0x00000000000172f9      0x1a7 ./src/dev/device.o
                                       0x46d8 (size before relaxing)
 .debug_str     0x00000000000174a0       0x13 ./src/dev/iocon.o
                                       0x3e78 (size before relaxing)
 .debug_str     0x00000000000174b3       0xa4 ./src/dev/pwm0.o
                                       0x48d9 (size before relaxing)
 .debug_str     0x0000000000017557      0x11f ./src/dev/rgb_led.o
                                       0x47a1 (size before relaxing)
 .debug_str     0x0000000000017676      0x10c ./src/dev/timer.o
                                      0x1686b (size before relaxing)
 .debug_str     0x0000000000017782      0x4d0 ./src/Ultrasonic.o
                                      0x175c0 (size before relaxing)
 .debug_str     0x0000000000017c52      0x1e0 ./src/cr_startup_lpc407x_8x.o
                                       0x27d3 (size before relaxing)
 .debug_str     0x0000000000017e32       0x11 ./src/sysinit.o
                                      0x1644e (size before relaxing)
 .debug_str     0x0000000000017e43      0x6e3 ./src/test.o
                                      0x17a8a (size before relaxing)
 .debug_str     0x0000000000018526      0x609 /Users/karacasoft/Documents/MCUXpressoIDE_10.1.0/workspace/lpc_chip_40xx/Debug/liblpc_chip_40xx.a(chip_17xx_40xx.o)
                                      0x16908 (size before relaxing)
 .debug_str     0x0000000000018b2f      0x6ae /Users/karacasoft/Documents/MCUXpressoIDE_10.1.0/workspace/lpc_chip_40xx/Debug/liblpc_chip_40xx.a(clock_17xx_40xx.o)
                                      0x16d9f (size before relaxing)
 .debug_str     0x00000000000191dd       0xb5 /Users/karacasoft/Documents/MCUXpressoIDE_10.1.0/workspace/lpc_chip_40xx/Debug/liblpc_chip_40xx.a(fpu_init.o)
                                       0x9974 (size before relaxing)
 .debug_str     0x0000000000019292       0xda /Users/karacasoft/Documents/MCUXpressoIDE_10.1.0/workspace/lpc_chip_40xx/Debug/liblpc_chip_40xx.a(sysinit_17xx_40xx.o)
                                      0x1657b (size before relaxing)

.comment        0x0000000000000000       0x7f
 .comment       0x0000000000000000       0x7f ./src/peripherals/peripherals.o
                                         0x80 (size before relaxing)
 .comment       0x000000000000007f       0x80 ./src/dev/adc.o
 .comment       0x000000000000007f       0x80 ./src/dev/device.o
 .comment       0x000000000000007f       0x80 ./src/dev/iocon.o
 .comment       0x000000000000007f       0x80 ./src/dev/pwm0.o
 .comment       0x000000000000007f       0x80 ./src/dev/rgb_led.o
 .comment       0x000000000000007f       0x80 ./src/dev/timer.o
 .comment       0x000000000000007f       0x80 ./src/Ultrasonic.o
 .comment       0x000000000000007f       0x80 ./src/cr_startup_lpc407x_8x.o
 .comment       0x000000000000007f       0x80 ./src/sysinit.o
 .comment       0x000000000000007f       0x80 ./src/test.o
 .comment       0x000000000000007f       0x80 /Users/karacasoft/Documents/MCUXpressoIDE_10.1.0/workspace/lpc_chip_40xx/Debug/liblpc_chip_40xx.a(chip_17xx_40xx.o)
 .comment       0x000000000000007f       0x80 /Users/karacasoft/Documents/MCUXpressoIDE_10.1.0/workspace/lpc_chip_40xx/Debug/liblpc_chip_40xx.a(clock_17xx_40xx.o)
 .comment       0x000000000000007f       0x80 /Users/karacasoft/Documents/MCUXpressoIDE_10.1.0/workspace/lpc_chip_40xx/Debug/liblpc_chip_40xx.a(fpu_init.o)
 .comment       0x000000000000007f       0x80 /Users/karacasoft/Documents/MCUXpressoIDE_10.1.0/workspace/lpc_chip_40xx/Debug/liblpc_chip_40xx.a(sysinit_17xx_40xx.o)
 .comment       0x000000000000007f       0x80 /Applications/MCUXpressoIDE_10.1.0_589/ide/tools/bin/../lib/gcc/arm-none-eabi/6.3.1/../../../../arm-none-eabi/lib/thumb/v7e-m/fpv4-sp/softfp/libcr_c.a(__weak__main.o)

.ARM.attributes
                0x0000000000000000       0x37
 .ARM.attributes
                0x0000000000000000       0x37 ./src/peripherals/peripherals.o
 .ARM.attributes
                0x0000000000000037       0x37 ./src/dev/adc.o
 .ARM.attributes
                0x000000000000006e       0x37 ./src/dev/device.o
 .ARM.attributes
                0x00000000000000a5       0x37 ./src/dev/iocon.o
 .ARM.attributes
                0x00000000000000dc       0x37 ./src/dev/pwm0.o
 .ARM.attributes
                0x0000000000000113       0x37 ./src/dev/rgb_led.o
 .ARM.attributes
                0x000000000000014a       0x37 ./src/dev/timer.o
 .ARM.attributes
                0x0000000000000181       0x37 ./src/Ultrasonic.o
 .ARM.attributes
                0x00000000000001b8       0x37 ./src/cr_startup_lpc407x_8x.o
 .ARM.attributes
                0x00000000000001ef       0x37 ./src/sysinit.o
 .ARM.attributes
                0x0000000000000226       0x37 ./src/test.o
 .ARM.attributes
                0x000000000000025d       0x37 /Users/karacasoft/Documents/MCUXpressoIDE_10.1.0/workspace/lpc_chip_40xx/Debug/liblpc_chip_40xx.a(chip_17xx_40xx.o)
 .ARM.attributes
                0x0000000000000294       0x37 /Users/karacasoft/Documents/MCUXpressoIDE_10.1.0/workspace/lpc_chip_40xx/Debug/liblpc_chip_40xx.a(clock_17xx_40xx.o)
 .ARM.attributes
                0x00000000000002cb       0x37 /Users/karacasoft/Documents/MCUXpressoIDE_10.1.0/workspace/lpc_chip_40xx/Debug/liblpc_chip_40xx.a(fpu_init.o)
 .ARM.attributes
                0x0000000000000302       0x37 /Users/karacasoft/Documents/MCUXpressoIDE_10.1.0/workspace/lpc_chip_40xx/Debug/liblpc_chip_40xx.a(sysinit_17xx_40xx.o)
 .ARM.attributes
                0x0000000000000339       0x37 /Applications/MCUXpressoIDE_10.1.0_589/ide/tools/bin/../lib/gcc/arm-none-eabi/6.3.1/../../../../arm-none-eabi/lib/thumb/v7e-m/fpv4-sp/softfp/libcr_c.a(__weak__main.o)

.debug_frame    0x0000000000000000     0x1168
 .debug_frame   0x0000000000000000       0x88 ./src/peripherals/peripherals.o
 .debug_frame   0x0000000000000088      0x228 ./src/dev/adc.o
 .debug_frame   0x00000000000002b0       0xc0 ./src/dev/device.o
 .debug_frame   0x0000000000000370      0x134 ./src/dev/pwm0.o
 .debug_frame   0x00000000000004a4      0x158 ./src/dev/rgb_led.o
 .debug_frame   0x00000000000005fc      0x134 ./src/dev/timer.o
 .debug_frame   0x0000000000000730      0x140 ./src/Ultrasonic.o
 .debug_frame   0x0000000000000870      0x170 ./src/cr_startup_lpc407x_8x.o
 .debug_frame   0x00000000000009e0       0x34 ./src/sysinit.o
 .debug_frame   0x0000000000000a14       0x78 ./src/test.o
 .debug_frame   0x0000000000000a8c       0x70 /Users/karacasoft/Documents/MCUXpressoIDE_10.1.0/workspace/lpc_chip_40xx/Debug/liblpc_chip_40xx.a(chip_17xx_40xx.o)
 .debug_frame   0x0000000000000afc      0x500 /Users/karacasoft/Documents/MCUXpressoIDE_10.1.0/workspace/lpc_chip_40xx/Debug/liblpc_chip_40xx.a(clock_17xx_40xx.o)
 .debug_frame   0x0000000000000ffc       0x38 /Users/karacasoft/Documents/MCUXpressoIDE_10.1.0/workspace/lpc_chip_40xx/Debug/liblpc_chip_40xx.a(fpu_init.o)
 .debug_frame   0x0000000000001034      0x134 /Users/karacasoft/Documents/MCUXpressoIDE_10.1.0/workspace/lpc_chip_40xx/Debug/liblpc_chip_40xx.a(sysinit_17xx_40xx.o)
